Copyright 1986-2022 Xilinx, Inc. All Rights Reserved. Copyright 2022-2024 Advanced Micro Devices, Inc. All Rights Reserved.
---------------------------------------------------------------------------------------------------------------------------------------------
| Tool Version : Vivado v.2024.1 (lin64) Build 5076996 Wed May 22 18:36:09 MDT 2024
| Date         : Sat Jan 24 15:34:46 2026
| Host         : emmk-prj1 running 64-bit Ubuntu 24.04.3 LTS
| Command      : report_timing -nworst 1 -delay_type max -sort_by group -file reports_cva6_fpga_impl/cva6_fpga.timing.rpt
| Design       : cva6_zybo_z7_20
| Device       : 7z020-clg400
| Speed File   : -1  PRODUCTION 1.12 2019-11-22
| Design State : Routed
---------------------------------------------------------------------------------------------------------------------------------------------

Timing Report

Slack (MET) :             0.175ns  (required time - arrival time)
  Source:                 i_ariane/i_cva6/csr_regfile_i/pmpaddr_q_reg[6][3]/C
                            (rising edge-triggered cell FDCE clocked by clk_out1_xlnx_clk_gen  {rise@0.000ns fall@12.500ns period=25.000ns})
  Destination:            i_ariane/i_cva6/ex_stage_i/lsu_i/lsu_bypass_i/mem_q_reg[0][vaddr][29]/D
                            (rising edge-triggered cell FDCE clocked by clk_out1_xlnx_clk_gen  {rise@0.000ns fall@12.500ns period=25.000ns})
  Path Group:             clk_out1_xlnx_clk_gen
  Path Type:              Setup (Max at Slow Process Corner)
  Requirement:            25.000ns  (clk_out1_xlnx_clk_gen rise@25.000ns - clk_out1_xlnx_clk_gen rise@0.000ns)
  Data Path Delay:        24.355ns  (logic 5.996ns (24.619%)  route 18.359ns (75.381%))
  Logic Levels:           33  (CARRY4=1 LUT2=2 LUT3=4 LUT4=7 LUT5=5 LUT6=14)
  Clock Path Skew:        -0.125ns (DCD - SCD + CPR)
    Destination Clock Delay (DCD):    -1.611ns = ( 23.389 - 25.000 ) 
    Source Clock Delay      (SCD):    -0.919ns
    Clock Pessimism Removal (CPR):    0.567ns
  Clock Uncertainty:      0.082ns  ((TSJ^2 + DJ^2)^1/2) / 2 + PE
    Total System Jitter     (TSJ):    0.071ns
    Discrete Jitter          (DJ):    0.149ns
    Phase Error              (PE):    0.000ns

    Location             Delay type                Incr(ns)  Path(ns)    Netlist Resource(s)
  -------------------------------------------------------------------    -------------------
                         (clock clk_out1_xlnx_clk_gen rise edge)
                                                      0.000     0.000 r  
    K17                                               0.000     0.000 r  clk_sys (IN)
                         net (fo=0)                   0.000     0.000    i_xlnx_clk_gen/inst/clk_in1
    K17                  IBUF (Prop_ibuf_I_O)         1.475     1.475 r  i_xlnx_clk_gen/inst/clkin1_ibufg/O
                         net (fo=1, routed)           1.285     2.760    i_xlnx_clk_gen/inst/clk_in1_xlnx_clk_gen
    MMCME2_ADV_X1Y2      MMCME2_ADV (Prop_mmcme2_adv_CLKIN1_CLKOUT0)
                                                     -7.759    -4.999 r  i_xlnx_clk_gen/inst/mmcm_adv_inst/CLKOUT0
                         net (fo=1, routed)           2.206    -2.793    i_xlnx_clk_gen/inst/clk_out1_xlnx_clk_gen
    BUFGCTRL_X0Y16       BUFG (Prop_bufg_I_O)         0.101    -2.692 r  i_xlnx_clk_gen/inst/clkout1_buf/O
                         net (fo=14914, routed)       1.773    -0.919    i_ariane/i_cva6/csr_regfile_i/clk_out1
    SLICE_X96Y68         FDCE                                         r  i_ariane/i_cva6/csr_regfile_i/pmpaddr_q_reg[6][3]/C
  -------------------------------------------------------------------    -------------------
    SLICE_X96Y68         FDCE (Prop_fdce_C_Q)         0.518    -0.401 r  i_ariane/i_cva6/csr_regfile_i/pmpaddr_q_reg[6][3]/Q
                         net (fo=14, routed)          0.880     0.479    i_ariane/i_cva6/csr_regfile_i/pmpaddr_q_reg[6][31]_0[3]
    SLICE_X96Y68         LUT6 (Prop_lut6_I2_O)        0.124     0.603 r  i_ariane/i_cva6/csr_regfile_i/i___48_i_97/O
                         net (fo=3, routed)           0.313     0.916    i_ariane/i_cva6/csr_regfile_i/pmpaddr_q_reg[6][4]_0
    SLICE_X95Y69         LUT6 (Prop_lut6_I5_O)        0.124     1.040 r  i_ariane/i_cva6/csr_regfile_i/i___48_i_102/O
                         net (fo=3, routed)           0.585     1.625    i_ariane/i_cva6/csr_regfile_i/i___48_i_102_n_0
    SLICE_X95Y69         LUT3 (Prop_lut3_I2_O)        0.124     1.749 r  i_ariane/i_cva6/csr_regfile_i/i___48_i_75/O
                         net (fo=4, routed)           0.877     2.626    i_ariane/i_cva6/csr_regfile_i/i___48_i_75_n_0
    SLICE_X93Y73         LUT5 (Prop_lut5_I2_O)        0.124     2.750 r  i_ariane/i_cva6/csr_regfile_i/i___48_i_101/O
                         net (fo=3, routed)           0.428     3.177    i_ariane/i_cva6/csr_regfile_i/i___48_i_101_n_0
    SLICE_X92Y74         LUT3 (Prop_lut3_I2_O)        0.116     3.293 r  i_ariane/i_cva6/csr_regfile_i/i___48_i_71/O
                         net (fo=4, routed)           0.717     4.010    i_ariane/i_cva6/csr_regfile_i/i___48_i_71_n_0
    SLICE_X92Y75         LUT5 (Prop_lut5_I2_O)        0.354     4.364 r  i_ariane/i_cva6/csr_regfile_i/i___48_i_78/O
                         net (fo=3, routed)           0.663     5.027    i_ariane/i_cva6/csr_regfile_i/i___48_i_78_n_0
    SLICE_X92Y75         LUT3 (Prop_lut3_I2_O)        0.374     5.401 r  i_ariane/i_cva6/csr_regfile_i/i___48_i_42/O
                         net (fo=6, routed)           0.876     6.277    i_ariane/i_cva6/csr_regfile_i/i___48_i_42_n_0
    SLICE_X88Y76         LUT3 (Prop_lut3_I0_O)        0.328     6.605 r  i_ariane/i_cva6/csr_regfile_i/gen_register.d_o[100]_i_119/O
                         net (fo=1, routed)           0.000     6.605    i_ariane/i_cva6/csr_regfile_i/gen_register.d_o[100]_i_119_n_0
    SLICE_X88Y76         CARRY4 (Prop_carry4_S[3]_CO[3])
                                                      0.401     7.006 r  i_ariane/i_cva6/csr_regfile_i/lsu_i/i_pmp_data_if/i_pmp_data/gen_pmp.genblk1[6].i_pmp_entry/gen_register.d_o_reg[100]_i_36/CO[3]
                         net (fo=1, routed)           0.743     7.749    i_ariane/i_cva6/csr_regfile_i/lsu_i/i_pmp_data_if/i_pmp_data/gen_pmp.genblk1[6].i_pmp_entry/gen_register.d_o_reg[100]_i_36_n_0
    SLICE_X85Y76         LUT6 (Prop_lut6_I4_O)        0.124     7.873 r  i_ariane/i_cva6/csr_regfile_i/gen_register.d_o[100]_i_14/O
                         net (fo=4, routed)           0.830     8.704    i_ariane/i_cva6/csr_regfile_i/gen_register.d_o[100]_i_14_n_0
    SLICE_X81Y76         LUT4 (Prop_lut4_I0_O)        0.152     8.856 r  i_ariane/i_cva6/csr_regfile_i/gen_register.d_o[100]_i_21/O
                         net (fo=1, routed)           0.595     9.451    i_ariane/i_cva6/csr_regfile_i/gen_register.d_o[100]_i_21_n_0
    SLICE_X80Y73         LUT6 (Prop_lut6_I5_O)        0.332     9.783 f  i_ariane/i_cva6/csr_regfile_i/gen_register.d_o[100]_i_5/O
                         net (fo=2, routed)           0.510    10.293    i_ariane/i_cva6/csr_regfile_i/gen_register.d_o[100]_i_5_n_0
    SLICE_X81Y65         LUT5 (Prop_lut5_I4_O)        0.124    10.417 f  i_ariane/i_cva6/csr_regfile_i/gen_register.d_o[100]_i_1/O
                         net (fo=54, routed)          0.385    10.801    i_ariane/i_cva6/ex_stage_i/lsu_i/i_load_unit/gen_register.d_o[147]_i_2_0[0]
    SLICE_X80Y65         LUT6 (Prop_lut6_I4_O)        0.124    10.925 f  i_ariane/i_cva6/ex_stage_i/lsu_i/i_load_unit/gen_register.d_o[166]_i_4/O
                         net (fo=5, routed)           0.602    11.527    i_ariane/i_cva6/gen_cache_hpd.i_cache_subsystem/i_dcache/i_hpdcache/hpdcache_ctrl_i/hpdcache_memctrl_i/dcache_req_ports_ex_cache[1][kill_req]
    SLICE_X67Y64         LUT6 (Prop_lut6_I0_O)        0.124    11.651 f  i_ariane/i_cva6/gen_cache_hpd.i_cache_subsystem/i_dcache/i_hpdcache/hpdcache_ctrl_i/hpdcache_memctrl_i/tail_q[3]_i_4/O
                         net (fo=5, routed)           0.421    12.073    i_ariane/i_cva6/gen_cache_hpd.i_cache_subsystem/i_dcache/i_hpdcache/hpdcache_ctrl_i/hpdcache_memctrl_i/arb_req_gnt_q_reg[1]_0
    SLICE_X67Y64         LUT5 (Prop_lut5_I4_O)        0.124    12.197 f  i_ariane/i_cva6/gen_cache_hpd.i_cache_subsystem/i_dcache/i_hpdcache/hpdcache_ctrl_i/hpdcache_memctrl_i/valid_q[3]_i_5/O
                         net (fo=3, routed)           0.421    12.617    i_ariane/i_cva6/gen_cache_hpd.i_cache_subsystem/i_dcache/i_hpdcache/hpdcache_ctrl_i/hpdcache_rtab_i/st2_mshr_alloc_need_rsp_q_reg
    SLICE_X67Y66         LUT2 (Prop_lut2_I1_O)        0.119    12.736 r  i_ariane/i_cva6/gen_cache_hpd.i_cache_subsystem/i_dcache/i_hpdcache/hpdcache_ctrl_i/hpdcache_rtab_i/st2_dir_updt_valid_q_i_4/O
                         net (fo=19, routed)          0.687    13.423    i_ariane/i_cva6/gen_cache_hpd.i_cache_subsystem/i_dcache/i_hpdcache/hpdcache_ctrl_i/hpdcache_rtab_i/st1_req_rtab_q_reg
    SLICE_X67Y66         LUT4 (Prop_lut4_I0_O)        0.332    13.755 r  i_ariane/i_cva6/gen_cache_hpd.i_cache_subsystem/i_dcache/i_hpdcache/hpdcache_ctrl_i/hpdcache_rtab_i/mem_reg_0_i_66__0/O
                         net (fo=83, routed)          0.449    14.204    i_ariane/i_cva6/gen_cache_hpd.i_cache_subsystem/i_dcache/i_hpdcache/hpdcache_ctrl_i/hpdcache_rtab_i/st1_req_q_reg[op][4]_0
    SLICE_X65Y65         LUT2 (Prop_lut2_I0_O)        0.124    14.328 r  i_ariane/i_cva6/gen_cache_hpd.i_cache_subsystem/i_dcache/i_hpdcache/hpdcache_ctrl_i/hpdcache_rtab_i/st2_dir_updt_valid_q_i_7/O
                         net (fo=6, routed)           0.409    14.737    i_ariane/i_cva6/gen_cache_hpd.i_cache_subsystem/i_dcache/i_hpdcache/hpdcache_ctrl_i/hpdcache_memctrl_i/gen_dir_sram[1].dir_sram/ram_i/st2_dir_updt_valid_q_reg
    SLICE_X67Y65         LUT6 (Prop_lut6_I3_O)        0.124    14.861 r  i_ariane/i_cva6/gen_cache_hpd.i_cache_subsystem/i_dcache/i_hpdcache/hpdcache_ctrl_i/hpdcache_memctrl_i/gen_dir_sram[1].dir_sram/ram_i/i___52_i_5/O
                         net (fo=1, routed)           0.263    15.124    i_ariane/i_cva6/gen_cache_hpd.i_cache_subsystem/i_dcache/i_hpdcache/hpdcache_ctrl_i/hpdcache_memctrl_i/gen_dir_sram[1].dir_sram/ram_i/core_rsp_valid
    SLICE_X67Y65         LUT6 (Prop_lut6_I0_O)        0.124    15.248 r  i_ariane/i_cva6/gen_cache_hpd.i_cache_subsystem/i_dcache/i_hpdcache/hpdcache_ctrl_i/hpdcache_memctrl_i/gen_dir_sram[1].dir_sram/ram_i/i___52_i_2/O
                         net (fo=6, routed)           0.188    15.437    i_ariane/i_cva6/ex_stage_i/lsu_i/lsu_bypass_i/dcache_req_ports_cache_ex[1][data_rvalid]
    SLICE_X67Y65         LUT6 (Prop_lut6_I5_O)        0.124    15.561 r  i_ariane/i_cva6/ex_stage_i/lsu_i/lsu_bypass_i/i___435_i_1/O
                         net (fo=7, routed)           0.323    15.883    i_ariane/i_cva6/ex_stage_i/i_load_unit/req_port_o1__1
    SLICE_X67Y64         LUT6 (Prop_lut6_I0_O)        0.124    16.007 r  i_ariane/i_cva6/ex_stage_i/i___435/O
                         net (fo=84, routed)          0.694    16.702    i_ariane/i_cva6/gen_cache_hpd.i_cache_subsystem/i_dcache/i_hpdcache/core_req_arbiter_i/req_arbiter_i/dcache_req_ports_ex_cache[1][data_req]
    SLICE_X64Y63         LUT4 (Prop_lut4_I1_O)        0.124    16.826 f  i_ariane/i_cva6/gen_cache_hpd.i_cache_subsystem/i_dcache/i_hpdcache/core_req_arbiter_i/req_arbiter_i/st1_req_q[phys_indexed]_i_2/O
                         net (fo=25, routed)          0.532    17.357    i_ariane/i_cva6/gen_cache_hpd.i_cache_subsystem/i_dcache/i_hpdcache/hpdcache_ctrl_i/hpdcache_rtab_i/pop_arb_i/st1_req_q_reg[phys_indexed]_0
    SLICE_X67Y61         LUT5 (Prop_lut5_I2_O)        0.124    17.481 f  i_ariane/i_cva6/gen_cache_hpd.i_cache_subsystem/i_dcache/i_hpdcache/hpdcache_ctrl_i/hpdcache_rtab_i/pop_arb_i/st1_req_q[op][2]_i_3/O
                         net (fo=1, routed)           0.264    17.745    i_ariane/i_cva6/gen_cache_hpd.i_cache_subsystem/i_dcache/i_hpdcache/hpdcache_ctrl_i/hpdcache_rtab_i/pop_arb_i/st1_req_q[op][2]_i_3_n_0
    SLICE_X67Y61         LUT6 (Prop_lut6_I4_O)        0.124    17.869 f  i_ariane/i_cva6/gen_cache_hpd.i_cache_subsystem/i_dcache/i_hpdcache/hpdcache_ctrl_i/hpdcache_rtab_i/pop_arb_i/st1_req_q[op][2]_i_1/O
                         net (fo=18, routed)          0.900    18.769    i_ariane/i_cva6/gen_cache_hpd.i_cache_subsystem/i_dcache/i_hpdcache/hpdcache_ctrl_i/hpdcache_rtab_i/pop_arb_i/req_q_reg[0][req][op][2]
    SLICE_X66Y62         LUT6 (Prop_lut6_I1_O)        0.124    18.893 f  i_ariane/i_cva6/gen_cache_hpd.i_cache_subsystem/i_dcache/i_hpdcache/hpdcache_ctrl_i/hpdcache_rtab_i/pop_arb_i/st1_req_q[op][4]_i_10/O
                         net (fo=1, routed)           0.404    19.297    i_ariane/i_cva6/gen_cache_hpd.i_cache_subsystem/i_dcache/i_hpdcache/hpdcache_ctrl_i/hpdcache_memctrl_i/gen_dir_sram[1].dir_sram/ram_i/st1_req_valid_q_reg_4
    SLICE_X67Y63         LUT6 (Prop_lut6_I2_O)        0.124    19.421 f  i_ariane/i_cva6/gen_cache_hpd.i_cache_subsystem/i_dcache/i_hpdcache/hpdcache_ctrl_i/hpdcache_memctrl_i/gen_dir_sram[1].dir_sram/ram_i/st1_req_q[op][4]_i_5/O
                         net (fo=4, routed)           0.398    19.819    i_ariane/i_cva6/gen_cache_hpd.i_cache_subsystem/i_dcache/i_hpdcache/hpdcache_ctrl_i/hpdcache_memctrl_i/gen_dir_sram[1].dir_sram/ram_i/arb_req_gnt_q_reg[1]
    SLICE_X66Y63         LUT4 (Prop_lut4_I2_O)        0.124    19.943 f  i_ariane/i_cva6/gen_cache_hpd.i_cache_subsystem/i_dcache/i_hpdcache/hpdcache_ctrl_i/hpdcache_memctrl_i/gen_dir_sram[1].dir_sram/ram_i/i___358_i_2/O
                         net (fo=5, routed)           0.444    20.387    i_ariane/i_cva6/gen_cache_hpd.i_cache_subsystem/i_dcache/i_hpdcache/core_req_arbiter_i/req_arbiter_i/wait_q_reg_3
    SLICE_X64Y63         LUT4 (Prop_lut4_I3_O)        0.124    20.511 f  i_ariane/i_cva6/gen_cache_hpd.i_cache_subsystem/i_dcache/i_hpdcache/core_req_arbiter_i/req_arbiter_i/i___358_i_1/O
                         net (fo=9, routed)           0.480    20.991    i_ariane/i_cva6/ex_stage_i/lsu_i/lsu_bypass_i/dcache_req_ports_cache_ex[1][data_gnt]
    SLICE_X66Y64         LUT4 (Prop_lut4_I1_O)        0.124    21.115 f  i_ariane/i_cva6/ex_stage_i/lsu_i/lsu_bypass_i/i___49_i_4/O
                         net (fo=1, routed)           0.423    21.538    i_ariane/i_cva6/ex_stage_i/lsu_i/i_load_unit/pop_ld_o10_out__1
    SLICE_X65Y63         LUT6 (Prop_lut6_I5_O)        0.124    21.662 f  i_ariane/i_cva6/ex_stage_i/lsu_i/i_load_unit/i___49_i_1/O
                         net (fo=89, routed)          0.943    22.605    i_ariane/i_cva6/ex_stage_i/pop_ld
    SLICE_X57Y64         LUT4 (Prop_lut4_I0_O)        0.118    22.723 r  i_ariane/i_cva6/ex_stage_i/i___279/O
                         net (fo=2, routed)           0.713    23.436    i_ariane/i_cva6/ex_stage_i/lsu_i/lsu_bypass_i/mem_q_reg[0][vaddr][31]_0[29]
    SLICE_X64Y66         FDCE                                         r  i_ariane/i_cva6/ex_stage_i/lsu_i/lsu_bypass_i/mem_q_reg[0][vaddr][29]/D
  -------------------------------------------------------------------    -------------------

                         (clock clk_out1_xlnx_clk_gen rise edge)
                                                     25.000    25.000 r  
    K17                                               0.000    25.000 r  clk_sys (IN)
                         net (fo=0)                   0.000    25.000    i_xlnx_clk_gen/inst/clk_in1
    K17                  IBUF (Prop_ibuf_I_O)         1.404    26.404 r  i_xlnx_clk_gen/inst/clkin1_ibufg/O
                         net (fo=1, routed)           1.162    27.566    i_xlnx_clk_gen/inst/clk_in1_xlnx_clk_gen
    MMCME2_ADV_X1Y2      MMCME2_ADV (Prop_mmcme2_adv_CLKIN1_CLKOUT0)
                                                     -7.814    19.752 r  i_xlnx_clk_gen/inst/mmcm_adv_inst/CLKOUT0
                         net (fo=1, routed)           2.012    21.764    i_xlnx_clk_gen/inst/clk_out1_xlnx_clk_gen
    BUFGCTRL_X0Y16       BUFG (Prop_bufg_I_O)         0.091    21.855 r  i_xlnx_clk_gen/inst/clkout1_buf/O
                         net (fo=14914, routed)       1.534    23.389    i_ariane/i_cva6/ex_stage_i/lsu_i/lsu_bypass_i/clk_out1
    SLICE_X64Y66         FDCE                                         r  i_ariane/i_cva6/ex_stage_i/lsu_i/lsu_bypass_i/mem_q_reg[0][vaddr][29]/C
                         clock pessimism              0.567    23.956    
                         clock uncertainty           -0.082    23.874    
    SLICE_X64Y66         FDCE (Setup_fdce_C_D)       -0.263    23.611    i_ariane/i_cva6/ex_stage_i/lsu_i/lsu_bypass_i/mem_q_reg[0][vaddr][29]
  -------------------------------------------------------------------
                         required time                         23.611    
                         arrival time                         -23.436    
  -------------------------------------------------------------------
                         slack                                  0.175    

Slack (MET) :             1.033ns  (required time - arrival time)
  Source:                 i_dmi_jtag/i_dmi_jtag_tap/td_o_reg/C
                            (falling edge-triggered cell FDCE clocked by tck  {rise@0.000ns fall@50.000ns period=100.000ns})
  Destination:            tdo
                            (output port clocked by tck  {rise@0.000ns fall@50.000ns period=100.000ns})
  Path Group:             tck
  Path Type:              Max at Slow Process Corner
  Requirement:            20.000ns  (MaxDelay Path 20.000ns)
  Data Path Delay:        6.426ns  (logic 4.015ns (62.489%)  route 2.410ns (37.511%))
  Logic Levels:           1  (OBUF=1)
  Output Delay:           5.000ns
  Clock Path Skew:        -7.039ns (DCD - SCD + CPR)
    Destination Clock Delay (DCD):    0.000ns
    Source Clock Delay      (SCD):    7.039ns
    Clock Pessimism Removal (CPR):    0.000ns
  Clock Uncertainty:      0.501ns  ((TSJ^2 + TIJ^2)^1/2 + DJ) / 2 + PE
    Total System Jitter     (TSJ):    0.071ns
    Total Input Jitter      (TIJ):    1.000ns
    Discrete Jitter          (DJ):    0.000ns
    Phase Error              (PE):    0.000ns
  Timing Exception:       MaxDelay Path 20.000ns

    Location             Delay type                Incr(ns)  Path(ns)    Netlist Resource(s)
  -------------------------------------------------------------------    -------------------
                         (clock tck fall edge)        0.000     0.000 f  
    H15                                               0.000     0.000 f  tck (IN)
                         net (fo=0)                   0.000     0.000    tck
    H15                  IBUF (Prop_ibuf_I_O)         1.500     1.500 f  tck_IBUF_inst/O
                         net (fo=1, routed)           3.659     5.159    tck_IBUF
    BUFGCTRL_X0Y0        BUFG (Prop_bufg_I_O)         0.101     5.260 f  tck_IBUF_BUFG_inst/O
                         net (fo=258, routed)         1.779     7.039    i_dmi_jtag/i_dmi_jtag_tap/tck_ni
    SLICE_X105Y82        FDCE                                         r  i_dmi_jtag/i_dmi_jtag_tap/td_o_reg/C  (IS_INVERTED)
  -------------------------------------------------------------------    -------------------
    SLICE_X105Y82        FDCE (Prop_fdce_C_Q)         0.459     7.498 r  i_dmi_jtag/i_dmi_jtag_tap/td_o_reg/Q
                         net (fo=1, routed)           2.410     9.909    tdo_OBUF
    J15                  OBUF (Prop_obuf_I_O)         3.556    13.465 r  tdo_OBUF_inst/O
                         net (fo=0)                   0.000    13.465    tdo
    J15                                                               r  tdo (OUT)
  -------------------------------------------------------------------    -------------------

                         max delay                   20.000    20.000    
                         clock pessimism              0.000    20.000    
                         clock uncertainty           -0.501    19.499    
                         output delay                -5.000    14.499    
  -------------------------------------------------------------------
                         required time                         14.499    
                         arrival time                         -13.465    
  -------------------------------------------------------------------
                         slack                                  1.033    

Slack (MET) :             20.779ns  (required time - arrival time)
  Source:                 i_dm_top/i_dm_csrs/dmcontrol_q_reg[ndmreset]/C
                            (rising edge-triggered cell FDCE clocked by clk_out1_xlnx_clk_gen  {rise@0.000ns fall@12.500ns period=25.000ns})
  Destination:            i_rstgen_main/i_rstgen_bypass/synch_regs_q_reg[3]/CLR
                            (recovery check against rising-edge clock clk_out1_xlnx_clk_gen  {rise@0.000ns fall@12.500ns period=25.000ns})
  Path Group:             **async_default**
  Path Type:              Recovery (Max at Slow Process Corner)
  Requirement:            25.000ns  (clk_out1_xlnx_clk_gen rise@25.000ns - clk_out1_xlnx_clk_gen rise@0.000ns)
  Data Path Delay:        3.597ns  (logic 0.580ns (16.127%)  route 3.017ns (83.873%))
  Logic Levels:           1  (LUT2=1)
  Clock Path Skew:        -0.137ns (DCD - SCD + CPR)
    Destination Clock Delay (DCD):    -1.597ns = ( 23.403 - 25.000 ) 
    Source Clock Delay      (SCD):    -0.892ns
    Clock Pessimism Removal (CPR):    0.567ns
  Clock Uncertainty:      0.082ns  ((TSJ^2 + DJ^2)^1/2) / 2 + PE
    Total System Jitter     (TSJ):    0.071ns
    Discrete Jitter          (DJ):    0.149ns
    Phase Error              (PE):    0.000ns

    Location             Delay type                Incr(ns)  Path(ns)    Netlist Resource(s)
  -------------------------------------------------------------------    -------------------
                         (clock clk_out1_xlnx_clk_gen rise edge)
                                                      0.000     0.000 r  
    K17                                               0.000     0.000 r  clk_sys (IN)
                         net (fo=0)                   0.000     0.000    i_xlnx_clk_gen/inst/clk_in1
    K17                  IBUF (Prop_ibuf_I_O)         1.475     1.475 r  i_xlnx_clk_gen/inst/clkin1_ibufg/O
                         net (fo=1, routed)           1.285     2.760    i_xlnx_clk_gen/inst/clk_in1_xlnx_clk_gen
    MMCME2_ADV_X1Y2      MMCME2_ADV (Prop_mmcme2_adv_CLKIN1_CLKOUT0)
                                                     -7.759    -4.999 r  i_xlnx_clk_gen/inst/mmcm_adv_inst/CLKOUT0
                         net (fo=1, routed)           2.206    -2.793    i_xlnx_clk_gen/inst/clk_out1_xlnx_clk_gen
    BUFGCTRL_X0Y16       BUFG (Prop_bufg_I_O)         0.101    -2.692 r  i_xlnx_clk_gen/inst/clkout1_buf/O
                         net (fo=14914, routed)       1.800    -0.892    i_dm_top/i_dm_csrs/clk_out1
    SLICE_X93Y5          FDCE                                         r  i_dm_top/i_dm_csrs/dmcontrol_q_reg[ndmreset]/C
  -------------------------------------------------------------------    -------------------
    SLICE_X93Y5          FDCE (Prop_fdce_C_Q)         0.456    -0.436 f  i_dm_top/i_dm_csrs/dmcontrol_q_reg[ndmreset]/Q
                         net (fo=3, routed)           1.459     1.023    i_dm_top/i_dm_csrs/ndmreset
    SLICE_X97Y13         LUT2 (Prop_lut2_I0_O)        0.124     1.147 f  i_dm_top/i_dm_csrs/synch_regs_q[3]_i_1/O
                         net (fo=4, routed)           1.558     2.704    i_rstgen_main/i_rstgen_bypass/synch_regs_q_reg[3]_1
    SLICE_X80Y27         FDCE                                         f  i_rstgen_main/i_rstgen_bypass/synch_regs_q_reg[3]/CLR
  -------------------------------------------------------------------    -------------------

                         (clock clk_out1_xlnx_clk_gen rise edge)
                                                     25.000    25.000 r  
    K17                                               0.000    25.000 r  clk_sys (IN)
                         net (fo=0)                   0.000    25.000    i_xlnx_clk_gen/inst/clk_in1
    K17                  IBUF (Prop_ibuf_I_O)         1.404    26.404 r  i_xlnx_clk_gen/inst/clkin1_ibufg/O
                         net (fo=1, routed)           1.162    27.566    i_xlnx_clk_gen/inst/clk_in1_xlnx_clk_gen
    MMCME2_ADV_X1Y2      MMCME2_ADV (Prop_mmcme2_adv_CLKIN1_CLKOUT0)
                                                     -7.814    19.752 r  i_xlnx_clk_gen/inst/mmcm_adv_inst/CLKOUT0
                         net (fo=1, routed)           2.012    21.764    i_xlnx_clk_gen/inst/clk_out1_xlnx_clk_gen
    BUFGCTRL_X0Y16       BUFG (Prop_bufg_I_O)         0.091    21.855 r  i_xlnx_clk_gen/inst/clkout1_buf/O
                         net (fo=14914, routed)       1.548    23.403    i_rstgen_main/i_rstgen_bypass/clk_out1
    SLICE_X80Y27         FDCE                                         r  i_rstgen_main/i_rstgen_bypass/synch_regs_q_reg[3]/C
                         clock pessimism              0.567    23.971    
                         clock uncertainty           -0.082    23.889    
    SLICE_X80Y27         FDCE (Recov_fdce_C_CLR)     -0.405    23.484    i_rstgen_main/i_rstgen_bypass/synch_regs_q_reg[3]
  -------------------------------------------------------------------
                         required time                         23.484    
                         arrival time                          -2.704    
  -------------------------------------------------------------------
                         slack                                 20.779    




