Copyright 1986-2022 Xilinx, Inc. All Rights Reserved. Copyright 2022-2024 Advanced Micro Devices, Inc. All Rights Reserved.
---------------------------------------------------------------------------------------------------------------------------------------------
| Tool Version : Vivado v.2024.1 (lin64) Build 5076996 Wed May 22 18:36:09 MDT 2024
| Date         : Mon Jan 12 14:43:40 2026
| Host         : emmk-prj1 running 64-bit Ubuntu 24.04.3 LTS
| Command      : report_timing -nworst 1 -delay_type max -sort_by group -file reports_cva6_fpga_synth/cva6_fpga.timing.rpt
| Design       : cva6_zybo_z7_20
| Device       : 7z020-clg400
| Speed File   : -1  PRODUCTION 1.12 2019-11-22
| Design State : Synthesized
---------------------------------------------------------------------------------------------------------------------------------------------

Timing Report

Slack (VIOLATED) :        -4.333ns  (required time - arrival time)
  Source:                 i_ariane/i_cva6/ex_stage_i/csr_buffer_i/csr_reg_q_reg[csr_address][7]/C
                            (rising edge-triggered cell FDCE clocked by clk_out1_xlnx_clk_gen  {rise@0.000ns fall@12.500ns period=25.000ns})
  Destination:            i_ariane/gen_example_coprocessor.i_cvxif_coprocessor/i_copro_alu/result_q_reg[0]/D
                            (rising edge-triggered cell FDCE clocked by clk_out1_xlnx_clk_gen  {rise@0.000ns fall@12.500ns period=25.000ns})
  Path Group:             clk_out1_xlnx_clk_gen
  Path Type:              Setup (Max at Slow Process Corner)
  Requirement:            25.000ns  (clk_out1_xlnx_clk_gen rise@25.000ns - clk_out1_xlnx_clk_gen rise@0.000ns)
  Data Path Delay:        29.150ns  (logic 11.550ns (39.623%)  route 17.600ns (60.377%))
  Logic Levels:           36  (CARRY4=8 DSP48E1=2 LUT1=1 LUT2=3 LUT3=3 LUT4=4 LUT5=6 LUT6=9)
  Clock Path Skew:        -0.145ns (DCD - SCD + CPR)
    Destination Clock Delay (DCD):    -2.245ns = ( 22.755 - 25.000 ) 
    Source Clock Delay      (SCD):    -1.569ns
    Clock Pessimism Removal (CPR):    0.531ns
  Clock Uncertainty:      0.082ns  ((TSJ^2 + DJ^2)^1/2) / 2 + PE
    Total System Jitter     (TSJ):    0.071ns
    Discrete Jitter          (DJ):    0.149ns
    Phase Error              (PE):    0.000ns

    Location             Delay type                Incr(ns)  Path(ns)    Netlist Resource(s)
  -------------------------------------------------------------------    -------------------
                         (clock clk_out1_xlnx_clk_gen rise edge)
                                                      0.000     0.000 r  
    K17                                               0.000     0.000 r  clk_sys (IN)
                         net (fo=0)                   0.000     0.000    i_xlnx_clk_gen/inst/clk_in1
    K17                  IBUF (Prop_ibuf_I_O)         1.475     1.475 r  i_xlnx_clk_gen/inst/clkin1_ibufg/O
                         net (fo=1, unplaced)         0.584     2.059    i_xlnx_clk_gen/inst/clk_in1_xlnx_clk_gen
                         MMCME2_ADV (Prop_mmcme2_adv_CLKIN1_CLKOUT0)
                                                     -5.113    -3.054 r  i_xlnx_clk_gen/inst/mmcm_adv_inst/CLKOUT0
                         net (fo=1, unplaced)         0.800    -2.254    i_xlnx_clk_gen/inst/clk_out1_xlnx_clk_gen
                         BUFG (Prop_bufg_I_O)         0.101    -2.153 r  i_xlnx_clk_gen/inst/clkout1_buf/O
                         net (fo=16260, unplaced)     0.584    -1.569    i_ariane/i_cva6/ex_stage_i/csr_buffer_i/clk_out1
                         FDCE                                         r  i_ariane/i_cva6/ex_stage_i/csr_buffer_i/csr_reg_q_reg[csr_address][7]/C
  -------------------------------------------------------------------    -------------------
                         FDCE (Prop_fdce_C_Q)         0.478    -1.091 f  i_ariane/i_cva6/ex_stage_i/csr_buffer_i/csr_reg_q_reg[csr_address][7]/Q
                         net (fo=64, unplaced)        0.829    -0.262    i_ariane/i_cva6/ex_stage_i/csr_buffer_i/Q[3]
                         LUT3 (Prop_lut3_I0_O)        0.319     0.057 f  i_ariane/i_cva6/ex_stage_i/csr_buffer_i/i___34_i_18/O
                         net (fo=1, unplaced)         1.111     1.168    i_ariane/i_cva6/ex_stage_i/csr_buffer_i/i___34_i_18_n_0
                         LUT6 (Prop_lut6_I0_O)        0.124     1.292 r  i_ariane/i_cva6/ex_stage_i/csr_buffer_i/i___34_i_8/O
                         net (fo=1, unplaced)         1.111     2.403    i_ariane/i_cva6/ex_stage_i/csr_buffer_i/i___34_i_8_n_0
                         LUT6 (Prop_lut6_I0_O)        0.124     2.527 r  i_ariane/i_cva6/ex_stage_i/csr_buffer_i/i___34_i_4/O
                         net (fo=1, unplaced)         1.111     3.638    i_ariane/i_cva6/issue_stage_i/i_scoreboard/i___14_i_4_0
                         LUT6 (Prop_lut6_I1_O)        0.124     3.762 r  i_ariane/i_cva6/issue_stage_i/i_scoreboard/i___34_i_2/O
                         net (fo=39, unplaced)        0.525     4.287    i_ariane/i_cva6/issue_stage_i/i_scoreboard/csr_exception_csr_commit[valid]
                         LUT4 (Prop_lut4_I2_O)        0.124     4.411 r  i_ariane/i_cva6/issue_stage_i/i_scoreboard/i___14_i_4/O
                         net (fo=78, unplaced)        0.512     4.923    i_ariane/i_cva6/issue_stage_i/i_scoreboard/wfi_q_reg
                         LUT5 (Prop_lut5_I0_O)        0.124     5.047 r  i_ariane/i_cva6/issue_stage_i/i_scoreboard/debug_mode_q_i_2/O
                         net (fo=5, unplaced)         0.930     5.977    i_ariane/i_cva6/issue_stage_i/i_scoreboard/debug_mode_q_i_2_n_0
                         LUT6 (Prop_lut6_I0_O)        0.124     6.101 r  i_ariane/i_cva6/issue_stage_i/i_scoreboard/i___14_i_5/O
                         net (fo=7, unplaced)         0.454     6.555    i_ariane/i_cva6/issue_stage_i/i_scoreboard/set_debug_pc
                         LUT5 (Prop_lut5_I3_O)        0.124     6.679 r  i_ariane/i_cva6/issue_stage_i/i_scoreboard/i___14_i_1/O
                         net (fo=141, unplaced)       0.557     7.236    i_ariane/i_cva6/issue_stage_i/i_issue_read_operands/mem_q_reg[1][sbe][ex][valid]
                         LUT3 (Prop_lut3_I2_O)        0.116     7.352 f  i_ariane/i_cva6/issue_stage_i/i_issue_read_operands/issue_pointer_q[1]_i_17/O
                         net (fo=1, unplaced)         0.449     7.801    i_ariane/i_cva6/ex_stage_i/issue_pointer_q[1]_i_6
                         LUT6 (Prop_lut6_I5_O)        0.124     7.925 r  i_ariane/i_cva6/ex_stage_i/issue_pointer_q[1]_i_11/O
                         net (fo=1, unplaced)         0.449     8.374    i_ariane/i_cva6/id_stage_i/flu_ready_ex_id
                         LUT6 (Prop_lut6_I5_O)        0.124     8.498 r  i_ariane/i_cva6/id_stage_i/issue_pointer_q[1]_i_6/O
                         net (fo=1, unplaced)         0.449     8.947    i_ariane/i_cva6/id_stage_i/issue_pointer_q[1]_i_6_n_0
                         LUT3 (Prop_lut3_I1_O)        0.124     9.071 f  i_ariane/i_cva6/id_stage_i/issue_pointer_q[1]_i_3/O
                         net (fo=3, unplaced)         0.467     9.538    i_ariane/i_cva6/issue_stage_i/i_scoreboard/issue_q[0][valid]_i_5_0
                         LUT5 (Prop_lut5_I4_O)        0.124     9.662 r  i_ariane/i_cva6/issue_stage_i/i_scoreboard/result_n2_i_49/O
                         net (fo=8, unplaced)         0.457    10.119    i_ariane/i_cva6/issue_stage_i/i_scoreboard/issue_q_reg[0][sbe][rd][4]
                         LUT5 (Prop_lut5_I4_O)        0.124    10.243 r  i_ariane/i_cva6/issue_stage_i/i_scoreboard/result_n2_i_39/O
                         net (fo=4, unplaced)         0.473    10.716    i_ariane/i_cva6/id_stage_i/cvxif_req[issue_valid]
                         LUT5 (Prop_lut5_I4_O)        0.116    10.832 f  i_ariane/i_cva6/id_stage_i/result_n2_i_34/O
                         net (fo=11, unplaced)        0.495    11.327    i_ariane/i_cva6/id_stage_i/result_n2_i_34_n_0
                         LUT4 (Prop_lut4_I1_O)        0.124    11.451 r  i_ariane/i_cva6/id_stage_i/id_q[1]_i_7/O
                         net (fo=2, unplaced)         0.460    11.911    i_ariane/i_cva6/id_stage_i/id_q[1]_i_7_n_0
                         LUT5 (Prop_lut5_I1_O)        0.124    12.035 r  i_ariane/i_cva6/id_stage_i/id_q[1]_i_2__0/O
                         net (fo=7, unplaced)         0.484    12.519    i_ariane/i_cva6/id_stage_i/id_q[1]_i_2__0_n_0
                         LUT2 (Prop_lut2_I1_O)        0.124    12.643 r  i_ariane/i_cva6/id_stage_i/x_transaction_rejected_o_i_3/O
                         net (fo=5, unplaced)         0.477    13.120    i_ariane/i_cva6/issue_stage_i/i_scoreboard/cvxif_resp[issue_resp][accept]
                         LUT6 (Prop_lut6_I5_O)        0.124    13.244 f  i_ariane/i_cva6/issue_stage_i/i_scoreboard/mem_q[0][sbe][rd][4]_i_9/O
                         net (fo=5, unplaced)         0.477    13.721    i_ariane/i_cva6/issue_stage_i/i_scoreboard/issue_q_reg[0][sbe][valid]
                         LUT4 (Prop_lut4_I2_O)        0.124    13.845 r  i_ariane/i_cva6/issue_stage_i/i_scoreboard/fu_data_q[0][operand_a][31]_i_2/O
                         net (fo=32, unplaced)        0.520    14.365    i_ariane/i_cva6/issue_stage_i/i_scoreboard/issue_q_reg[0][sbe][use_zimm]
                         LUT6 (Prop_lut6_I5_O)        0.124    14.489 r  i_ariane/i_cva6/issue_stage_i/i_scoreboard/fu_data_q[0][operand_a][30]_i_2/O
                         net (fo=1, unplaced)         0.449    14.938    i_ariane/i_cva6/id_stage_i/fu_data_q_reg[0][operand_a][30]
                         LUT4 (Prop_lut4_I0_O)        0.124    15.062 r  i_ariane/i_cva6/id_stage_i/fu_data_q[0][operand_a][30]_i_1/O
                         net (fo=6, unplaced)         0.481    15.543    i_ariane/i_cva6/id_stage_i/D[30]
                         LUT2 (Prop_lut2_I1_O)        0.124    15.667 r  i_ariane/i_cva6/id_stage_i/result_n2__0_i_18/O
                         net (fo=2, unplaced)         0.800    16.467    i_ariane/gen_example_coprocessor.i_cvxif_coprocessor/i_copro_alu/result_n2__1_0[14]
                         DSP48E1 (Prop_dsp48e1_A[14]_P[1])
                                                      3.841    20.308 f  i_ariane/gen_example_coprocessor.i_cvxif_coprocessor/i_copro_alu/result_n2__0/P[1]
                         net (fo=1, unplaced)         0.800    21.107    i_ariane/gen_example_coprocessor.i_cvxif_coprocessor/i_copro_alu/result_n2__0_n_104
                         LUT1 (Prop_lut1_I0_O)        0.124    21.231 r  i_ariane/gen_example_coprocessor.i_cvxif_coprocessor/i_copro_alu/result_n0_i_27/O
                         net (fo=1, unplaced)         0.000    21.231    i_ariane_n_2
                         CARRY4 (Prop_carry4_S[1]_CO[3])
                                                      0.533    21.764 r  i_copro_alu/result_n0_i_5/CO[3]
                         net (fo=1, unplaced)         0.009    21.773    i_copro_alu/result_n0_i_5_n_0
                         CARRY4 (Prop_carry4_CI_CO[3])
                                                      0.117    21.890 r  i_copro_alu/result_n0_i_4/CO[3]
                         net (fo=1, unplaced)         0.000    21.890    i_copro_alu/result_n0_i_4_n_0
                         CARRY4 (Prop_carry4_CI_CO[3])
                                                      0.117    22.007 r  i_copro_alu/result_n0_i_3/CO[3]
                         net (fo=1, unplaced)         0.000    22.007    i_copro_alu/result_n0_i_3_n_0
                         CARRY4 (Prop_carry4_CI_CO[3])
                                                      0.117    22.124 r  i_copro_alu/result_n0_i_2/CO[3]
                         net (fo=1, unplaced)         0.000    22.124    i_copro_alu/result_n0_i_2_n_0
                         CARRY4 (Prop_carry4_CI_CO[3])
                                                      0.117    22.241 r  i_copro_alu/result_n0_i_1/CO[3]
                         net (fo=1, unplaced)         0.000    22.241    i_copro_alu/result_n0_i_1_n_0
                         CARRY4 (Prop_carry4_CI_CO[3])
                                                      0.117    22.358 r  i_copro_alu/result_n0_i_8/CO[3]
                         net (fo=1, unplaced)         0.000    22.358    i_copro_alu/result_n0_i_8_n_0
                         CARRY4 (Prop_carry4_CI_CO[3])
                                                      0.117    22.475 r  i_copro_alu/result_n0_i_7/CO[3]
                         net (fo=1, unplaced)         0.000    22.475    i_ariane/gen_example_coprocessor.i_cvxif_coprocessor/i_copro_alu/CO[0]
                         CARRY4 (Prop_carry4_CI_O[1])
                                                      0.337    22.812 r  i_ariane/gen_example_coprocessor.i_cvxif_coprocessor/i_copro_alu/result_n0_i_6/O[1]
                         net (fo=1, unplaced)         0.800    23.612    i_ariane/gen_example_coprocessor.i_cvxif_coprocessor/i_copro_alu/result_n0_i_6_n_6
                         DSP48E1 (Prop_dsp48e1_A[11]_P[15])
                                                      2.256    25.868 r  i_ariane/gen_example_coprocessor.i_cvxif_coprocessor/i_copro_alu/result_n0/P[15]
                         net (fo=1, unplaced)         0.800    26.668    i_ariane/i_cva6/id_stage_i/P[0]
                         LUT2 (Prop_lut2_I1_O)        0.124    26.792 r  i_ariane/i_cva6/id_stage_i/result_q[0]_i_2/O
                         net (fo=1, unplaced)         0.665    27.457    i_ariane/i_cva6/id_stage_i/result_q[0]_i_2_n_0
                         LUT6 (Prop_lut6_I0_O)        0.124    27.581 r  i_ariane/i_cva6/id_stage_i/result_q[0]_i_1/O
                         net (fo=1, unplaced)         0.000    27.581    i_ariane/gen_example_coprocessor.i_cvxif_coprocessor/i_copro_alu/result_q_reg[31]_5[0]
                         FDCE                                         r  i_ariane/gen_example_coprocessor.i_cvxif_coprocessor/i_copro_alu/result_q_reg[0]/D
  -------------------------------------------------------------------    -------------------

                         (clock clk_out1_xlnx_clk_gen rise edge)
                                                     25.000    25.000 r  
    K17                                               0.000    25.000 r  clk_sys (IN)
                         net (fo=0)                   0.000    25.000    i_xlnx_clk_gen/inst/clk_in1
    K17                  IBUF (Prop_ibuf_I_O)         1.404    26.404 r  i_xlnx_clk_gen/inst/clkin1_ibufg/O
                         net (fo=1, unplaced)         0.439    26.843    i_xlnx_clk_gen/inst/clk_in1_xlnx_clk_gen
                         MMCME2_ADV (Prop_mmcme2_adv_CLKIN1_CLKOUT0)
                                                     -5.378    21.466 r  i_xlnx_clk_gen/inst/mmcm_adv_inst/CLKOUT0
                         net (fo=1, unplaced)         0.760    22.225    i_xlnx_clk_gen/inst/clk_out1_xlnx_clk_gen
                         BUFG (Prop_bufg_I_O)         0.091    22.316 r  i_xlnx_clk_gen/inst/clkout1_buf/O
                         net (fo=16260, unplaced)     0.439    22.755    i_ariane/gen_example_coprocessor.i_cvxif_coprocessor/i_copro_alu/clk_out1
                         FDCE                                         r  i_ariane/gen_example_coprocessor.i_cvxif_coprocessor/i_copro_alu/result_q_reg[0]/C
                         clock pessimism              0.531    23.286    
                         clock uncertainty           -0.082    23.204    
                         FDCE (Setup_fdce_C_D)        0.044    23.248    i_ariane/gen_example_coprocessor.i_cvxif_coprocessor/i_copro_alu/result_q_reg[0]
  -------------------------------------------------------------------
                         required time                         23.248    
                         arrival time                         -27.581    
  -------------------------------------------------------------------
                         slack                                 -4.333    

Slack (MET) :             5.757ns  (required time - arrival time)
  Source:                 i_dmi_jtag/i_dmi_jtag_tap/td_o_reg/C
                            (rising edge-triggered cell FDCE clocked by tck'  {rise@0.000ns fall@50.000ns period=100.000ns})
  Destination:            tdo
                            (output port clocked by tck  {rise@0.000ns fall@50.000ns period=100.000ns})
  Path Group:             tck
  Path Type:              Max at Slow Process Corner
  Requirement:            20.000ns  (MaxDelay Path 20.000ns)
  Data Path Delay:        5.049ns  (logic 4.249ns (84.161%)  route 0.800ns (15.839%))
  Logic Levels:           1  (OBUF=1)
  Output Delay:           5.000ns
  Clock Path Skew:        -3.693ns (DCD - SCD + CPR)
    Destination Clock Delay (DCD):    0.000ns
    Source Clock Delay      (SCD):    3.693ns
    Clock Pessimism Removal (CPR):    0.000ns
  Clock Uncertainty:      0.501ns  ((TSJ^2 + TIJ^2)^1/2 + DJ) / 2 + PE
    Total System Jitter     (TSJ):    0.071ns
    Total Input Jitter      (TIJ):    1.000ns
    Discrete Jitter          (DJ):    0.000ns
    Phase Error              (PE):    0.000ns
  Timing Exception:       MaxDelay Path 20.000ns

    Location             Delay type                Incr(ns)  Path(ns)    Netlist Resource(s)
  -------------------------------------------------------------------    -------------------
                         (clock tck fall edge)        0.000     0.000 f  
    H15                                               0.000     0.000 f  tck (IN)
                         net (fo=0)                   0.000     0.000    tck
    H15                  IBUF (Prop_ibuf_I_O)         1.500     1.500 f  tck_IBUF_inst/O
                         net (fo=1, unplaced)         0.800     2.300    tck_IBUF
                         BUFG (Prop_bufg_I_O)         0.101     2.401 f  tck_IBUF_BUFG_inst/O
                         net (fo=258, unplaced)       0.584     2.985    tck_IBUF_BUFG
                         LUT1 (Prop_lut1_I0_O)        0.124     3.109 r  td_o_reg_i_2/O
                         net (fo=1, unplaced)         0.584     3.693    i_dmi_jtag/i_dmi_jtag_tap/tck_ni
                         FDCE                                         r  i_dmi_jtag/i_dmi_jtag_tap/td_o_reg/C
  -------------------------------------------------------------------    -------------------
                         FDCE (Prop_fdce_C_Q)         0.518     4.211 r  i_dmi_jtag/i_dmi_jtag_tap/td_o_reg/Q
                         net (fo=1, unplaced)         0.800     5.011    tdo_OBUF
    J15                  OBUF (Prop_obuf_I_O)         3.731     8.742 r  tdo_OBUF_inst/O
                         net (fo=0)                   0.000     8.742    tdo
    J15                                                               r  tdo (OUT)
  -------------------------------------------------------------------    -------------------

                         max delay                   20.000    20.000    
                         clock pessimism              0.000    20.000    
                         clock uncertainty           -0.501    19.499    
                         output delay                -5.000    14.499    
  -------------------------------------------------------------------
                         required time                         14.499    
                         arrival time                          -8.742    
  -------------------------------------------------------------------
                         slack                                  5.757    

Slack (MET) :             22.007ns  (required time - arrival time)
  Source:                 i_axi_dwidth_converter_dm_slave/inst/gen_downsizer.gen_simple_downsizer.axi_downsizer_inst/USE_READ.read_addr_inst/cmd_queue/inst/fifo_gen_inst/inst_fifo_gen/gconvfifo.rf/grf.rf/rstblk/ngwrdrst.grst.g7serrst.gnsckt_wrst.gcc_rst.sckt_wr_rst_cc_reg[1]/C
                            (rising edge-triggered cell FDRE clocked by clk_out1_xlnx_clk_gen  {rise@0.000ns fall@12.500ns period=25.000ns})
  Destination:            i_axi_dwidth_converter_dm_slave/inst/gen_downsizer.gen_simple_downsizer.axi_downsizer_inst/USE_READ.read_addr_inst/cmd_queue/inst/fifo_gen_inst/inst_fifo_gen/gconvfifo.rf/grf.rf/gntv_or_sync_fifo.gl0.rd/gr1.gr1_int.rfwft/aempty_fwft_fb_i_reg/PRE
                            (recovery check against rising-edge clock clk_out1_xlnx_clk_gen  {rise@0.000ns fall@12.500ns period=25.000ns})
  Path Group:             **async_default**
  Path Type:              Recovery (Max at Slow Process Corner)
  Requirement:            25.000ns  (clk_out1_xlnx_clk_gen rise@25.000ns - clk_out1_xlnx_clk_gen rise@0.000ns)
  Data Path Delay:        2.372ns  (logic 0.773ns (32.589%)  route 1.599ns (67.411%))
  Logic Levels:           1  (LUT3=1)
  Clock Path Skew:        -0.145ns (DCD - SCD + CPR)
    Destination Clock Delay (DCD):    -2.245ns = ( 22.755 - 25.000 ) 
    Source Clock Delay      (SCD):    -1.569ns
    Clock Pessimism Removal (CPR):    0.531ns
  Clock Uncertainty:      0.082ns  ((TSJ^2 + DJ^2)^1/2) / 2 + PE
    Total System Jitter     (TSJ):    0.071ns
    Discrete Jitter          (DJ):    0.149ns
    Phase Error              (PE):    0.000ns

    Location             Delay type                Incr(ns)  Path(ns)    Netlist Resource(s)
  -------------------------------------------------------------------    -------------------
                         (clock clk_out1_xlnx_clk_gen rise edge)
                                                      0.000     0.000 r  
    K17                                               0.000     0.000 r  clk_sys (IN)
                         net (fo=0)                   0.000     0.000    i_xlnx_clk_gen/inst/clk_in1
    K17                  IBUF (Prop_ibuf_I_O)         1.475     1.475 r  i_xlnx_clk_gen/inst/clkin1_ibufg/O
                         net (fo=1, unplaced)         0.584     2.059    i_xlnx_clk_gen/inst/clk_in1_xlnx_clk_gen
                         MMCME2_ADV (Prop_mmcme2_adv_CLKIN1_CLKOUT0)
                                                     -5.113    -3.054 r  i_xlnx_clk_gen/inst/mmcm_adv_inst/CLKOUT0
                         net (fo=1, unplaced)         0.800    -2.254    i_xlnx_clk_gen/inst/clk_out1_xlnx_clk_gen
                         BUFG (Prop_bufg_I_O)         0.101    -2.153 r  i_xlnx_clk_gen/inst/clkout1_buf/O
                         net (fo=16260, unplaced)     0.584    -1.569    i_axi_dwidth_converter_dm_slave/inst/gen_downsizer.gen_simple_downsizer.axi_downsizer_inst/USE_READ.read_addr_inst/cmd_queue/inst/fifo_gen_inst/inst_fifo_gen/gconvfifo.rf/grf.rf/rstblk/clk
                         FDRE                                         r  i_axi_dwidth_converter_dm_slave/inst/gen_downsizer.gen_simple_downsizer.axi_downsizer_inst/USE_READ.read_addr_inst/cmd_queue/inst/fifo_gen_inst/inst_fifo_gen/gconvfifo.rf/grf.rf/rstblk/ngwrdrst.grst.g7serrst.gnsckt_wrst.gcc_rst.sckt_wr_rst_cc_reg[1]/C
  -------------------------------------------------------------------    -------------------
                         FDRE (Prop_fdre_C_Q)         0.478    -1.091 f  i_axi_dwidth_converter_dm_slave/inst/gen_downsizer.gen_simple_downsizer.axi_downsizer_inst/USE_READ.read_addr_inst/cmd_queue/inst/fifo_gen_inst/inst_fifo_gen/gconvfifo.rf/grf.rf/rstblk/ngwrdrst.grst.g7serrst.gnsckt_wrst.gcc_rst.sckt_wr_rst_cc_reg[1]/Q
                         net (fo=2, unplaced)         0.752    -0.339    i_axi_dwidth_converter_dm_slave/inst/gen_downsizer.gen_simple_downsizer.axi_downsizer_inst/USE_READ.read_addr_inst/cmd_queue/inst/fifo_gen_inst/inst_fifo_gen/gconvfifo.rf/grf.rf/rstblk/ngwrdrst.grst.g7serrst.gnsckt_wrst.gcc_rst.sckt_wr_rst_cc[1]
                         LUT3 (Prop_lut3_I0_O)        0.295    -0.044 f  i_axi_dwidth_converter_dm_slave/inst/gen_downsizer.gen_simple_downsizer.axi_downsizer_inst/USE_READ.read_addr_inst/cmd_queue/inst/fifo_gen_inst/inst_fifo_gen/gconvfifo.rf/grf.rf/rstblk/gpregsm1.curr_fwft_state[1]_i_2/O
                         net (fo=32, unplaced)        0.847     0.803    i_axi_dwidth_converter_dm_slave/inst/gen_downsizer.gen_simple_downsizer.axi_downsizer_inst/USE_READ.read_addr_inst/cmd_queue/inst/fifo_gen_inst/inst_fifo_gen/gconvfifo.rf/grf.rf/gntv_or_sync_fifo.gl0.rd/gr1.gr1_int.rfwft/gpregsm1.user_valid_reg_0
                         FDPE                                         f  i_axi_dwidth_converter_dm_slave/inst/gen_downsizer.gen_simple_downsizer.axi_downsizer_inst/USE_READ.read_addr_inst/cmd_queue/inst/fifo_gen_inst/inst_fifo_gen/gconvfifo.rf/grf.rf/gntv_or_sync_fifo.gl0.rd/gr1.gr1_int.rfwft/aempty_fwft_fb_i_reg/PRE
  -------------------------------------------------------------------    -------------------

                         (clock clk_out1_xlnx_clk_gen rise edge)
                                                     25.000    25.000 r  
    K17                                               0.000    25.000 r  clk_sys (IN)
                         net (fo=0)                   0.000    25.000    i_xlnx_clk_gen/inst/clk_in1
    K17                  IBUF (Prop_ibuf_I_O)         1.404    26.404 r  i_xlnx_clk_gen/inst/clkin1_ibufg/O
                         net (fo=1, unplaced)         0.439    26.843    i_xlnx_clk_gen/inst/clk_in1_xlnx_clk_gen
                         MMCME2_ADV (Prop_mmcme2_adv_CLKIN1_CLKOUT0)
                                                     -5.378    21.466 r  i_xlnx_clk_gen/inst/mmcm_adv_inst/CLKOUT0
                         net (fo=1, unplaced)         0.760    22.225    i_xlnx_clk_gen/inst/clk_out1_xlnx_clk_gen
                         BUFG (Prop_bufg_I_O)         0.091    22.316 r  i_xlnx_clk_gen/inst/clkout1_buf/O
                         net (fo=16260, unplaced)     0.439    22.755    i_axi_dwidth_converter_dm_slave/inst/gen_downsizer.gen_simple_downsizer.axi_downsizer_inst/USE_READ.read_addr_inst/cmd_queue/inst/fifo_gen_inst/inst_fifo_gen/gconvfifo.rf/grf.rf/gntv_or_sync_fifo.gl0.rd/gr1.gr1_int.rfwft/clk
                         FDPE                                         r  i_axi_dwidth_converter_dm_slave/inst/gen_downsizer.gen_simple_downsizer.axi_downsizer_inst/USE_READ.read_addr_inst/cmd_queue/inst/fifo_gen_inst/inst_fifo_gen/gconvfifo.rf/grf.rf/gntv_or_sync_fifo.gl0.rd/gr1.gr1_int.rfwft/aempty_fwft_fb_i_reg/C
                         clock pessimism              0.531    23.286    
                         clock uncertainty           -0.082    23.204    
                         FDPE (Recov_fdpe_C_PRE)     -0.394    22.810    i_axi_dwidth_converter_dm_slave/inst/gen_downsizer.gen_simple_downsizer.axi_downsizer_inst/USE_READ.read_addr_inst/cmd_queue/inst/fifo_gen_inst/inst_fifo_gen/gconvfifo.rf/grf.rf/gntv_or_sync_fifo.gl0.rd/gr1.gr1_int.rfwft/aempty_fwft_fb_i_reg
  -------------------------------------------------------------------
                         required time                         22.810    
                         arrival time                          -0.803    
  -------------------------------------------------------------------
                         slack                                 22.007    




